This is pdfTeX, Version 3.14159265-2.6-1.40.16 (TeX Live 2015/Debian) (preloaded format=pdftex 2017.9.4)  30 JAN 2018 00:04
entering extended mode
 restricted \write18 enabled.
 %&-line parsing enabled.
**cv.tex
(./cv.tex
! Undefined control sequence.
l.1 \documentclass
                  [a4paper,10pt]{article}
? 
! Interruption.
<to be read again> 
                   [
l.1 \documentclass[
                   a4paper,10pt]{article}
? 
! Undefined control sequence.
l.4 \usepackage
               {marvosym}
? 
! Undefined control sequence.
l.5 \usepackage
               {fontspec} 					%for loading fonts
? 
! Undefined control sequence.
l.6 \usepackage
               {xunicode,xltxtra,url,parskip} 	%other packages for formatting
? eixf`^^[
No pages of output.
PDF statistics:
 0 PDF objects out of 1000 (max. 8388607)
 0 named destinations out of 1000 (max. 500000)
 1 words of extra memory for PDF output out of 10000 (max. 10000000)

